[INFO] Scanning for projects...
[INFO] 
[INFO] --------------------< com.company:erp-application >---------------------
[INFO] Building erp-application 1.0.0-SNAPSHOT
[INFO]   from pom.xml
[INFO] --------------------------------[ jar ]---------------------------------
[INFO] 
[INFO] >>> spring-boot:3.2.3:run (default-cli) > test-compile @ erp-application >>>
[INFO] 
[INFO] --- resources:3.3.1:resources (default-resources) @ erp-application ---
[INFO] Copying 1 resource from src/main/resources to target/classes
[INFO] Copying 1 resource from src/main/resources to target/classes
[INFO] 
[INFO] --- compiler:3.11.0:compile (default-compile) @ erp-application ---
[INFO] Nothing to compile - all classes are up to date
[INFO] 
[INFO] --- resources:3.3.1:testResources (default-testResources) @ erp-application ---
[INFO] skip non existing resourceDirectory /Users/khushalpatil/Downloads/TDA/EDP/erp-application/src/test/resources
[INFO] 
[INFO] --- compiler:3.11.0:testCompile (default-testCompile) @ erp-application ---
[INFO] No sources to compile
[INFO] 
[INFO] <<< spring-boot:3.2.3:run (default-cli) < test-compile @ erp-application <<<
[INFO] 
[INFO] 
[INFO] --- spring-boot:3.2.3:run (default-cli) @ erp-application ---
[INFO] Attaching agents: []

  .   ____          _            __ _ _
 /\\ / ___'_ __ _ _(_)_ __  __ _ \ \ \ \
( ( )\___ | '_ | '_| | '_ \/ _` | \ \ \ \
 \\/  ___)| |_)| | | | | || (_| |  ) ) ) )
  '  |____| .__|_| |_|_| |_\__, | / / / /
 =========|_|==============|___/=/_/_/_/
 :: Spring Boot ::                (v3.2.3)

2026-05-28T11:03:05.954+05:30  INFO 6556 --- [erp-system] [           main] com.company.erp.ERPApplication           : Starting ERPApplication using Java 25.0.2 with PID 6556 (/Users/khushalpatil/Downloads/TDA/EDP/erp-application/target/classes started by khushalpatil in /Users/khushalpatil/Downloads/TDA/EDP/erp-application)
2026-05-28T11:03:05.955+05:30  INFO 6556 --- [erp-system] [           main] com.company.erp.ERPApplication           : No active profile set, falling back to 1 default profile: "default"
2026-05-28T11:03:06.252+05:30  INFO 6556 --- [erp-system] [           main] .s.d.r.c.RepositoryConfigurationDelegate : Multiple Spring Data modules found, entering strict repository configuration mode
2026-05-28T11:03:06.252+05:30  INFO 6556 --- [erp-system] [           main] .s.d.r.c.RepositoryConfigurationDelegate : Bootstrapping Spring Data JPA repositories in DEFAULT mode.
2026-05-28T11:03:06.293+05:30  INFO 6556 --- [erp-system] [           main] .s.d.r.c.RepositoryConfigurationDelegate : Finished Spring Data repository scanning in 39 ms. Found 3 JPA repository interfaces.
2026-05-28T11:03:06.298+05:30  INFO 6556 --- [erp-system] [           main] .s.d.r.c.RepositoryConfigurationDelegate : Multiple Spring Data modules found, entering strict repository configuration mode
2026-05-28T11:03:06.298+05:30  INFO 6556 --- [erp-system] [           main] .s.d.r.c.RepositoryConfigurationDelegate : Bootstrapping Spring Data Redis repositories in DEFAULT mode.
2026-05-28T11:03:06.301+05:30  INFO 6556 --- [erp-system] [           main] .RepositoryConfigurationExtensionSupport : Spring Data Redis - Could not safely identify store assignment for repository candidate interface com.company.erp.core.security.AppUserRepository; If you want this repository to be a Redis repository, consider annotating your entities with one of these annotations: org.springframework.data.redis.core.RedisHash (preferred), or consider extending one of the following types with your repository: org.springframework.data.keyvalue.repository.KeyValueRepository
2026-05-28T11:03:06.302+05:30  INFO 6556 --- [erp-system] [           main] .RepositoryConfigurationExtensionSupport : Spring Data Redis - Could not safely identify store assignment for repository candidate interface com.company.erp.inventory.repository.ProductRepository; If you want this repository to be a Redis repository, consider annotating your entities with one of these annotations: org.springframework.data.redis.core.RedisHash (preferred), or consider extending one of the following types with your repository: org.springframework.data.keyvalue.repository.KeyValueRepository
2026-05-28T11:03:06.302+05:30  INFO 6556 --- [erp-system] [           main] .RepositoryConfigurationExtensionSupport : Spring Data Redis - Could not safely identify store assignment for repository candidate interface com.company.erp.sales.repository.SaleRepository; If you want this repository to be a Redis repository, consider annotating your entities with one of these annotations: org.springframework.data.redis.core.RedisHash (preferred), or consider extending one of the following types with your repository: org.springframework.data.keyvalue.repository.KeyValueRepository
2026-05-28T11:03:06.302+05:30  INFO 6556 --- [erp-system] [           main] .s.d.r.c.RepositoryConfigurationDelegate : Finished Spring Data repository scanning in 1 ms. Found 0 Redis repository interfaces.
WARNING: A restricted method in java.lang.System has been called
WARNING: java.lang.System::load has been called by org.apache.tomcat.jni.Library in an unnamed module (file:/Users/khushalpatil/.m2/repository/org/apache/tomcat/embed/tomcat-embed-core/10.1.19/tomcat-embed-core-10.1.19.jar)
WARNING: Use --enable-native-access=ALL-UNNAMED to avoid a warning for callers in this module
WARNING: Restricted methods will be blocked in a future release unless native access is enabled

2026-05-28T11:03:06.584+05:30  INFO 6556 --- [erp-system] [           main] o.s.b.w.embedded.tomcat.TomcatWebServer  : Tomcat initialized with port 8080 (http)
2026-05-28T11:03:06.589+05:30  INFO 6556 --- [erp-system] [           main] o.apache.catalina.core.StandardService   : Starting service [Tomcat]
2026-05-28T11:03:06.589+05:30  INFO 6556 --- [erp-system] [           main] o.apache.catalina.core.StandardEngine    : Starting Servlet engine: [Apache Tomcat/10.1.19]
2026-05-28T11:03:06.608+05:30  INFO 6556 --- [erp-system] [           main] o.a.c.c.C.[Tomcat].[localhost].[/]       : Initializing Spring embedded WebApplicationContext
2026-05-28T11:03:06.609+05:30  INFO 6556 --- [erp-system] [           main] w.s.c.ServletWebServerApplicationContext : Root WebApplicationContext: initialization completed in 639 ms
2026-05-28T11:03:06.735+05:30  INFO 6556 --- [erp-system] [           main] o.hibernate.jpa.internal.util.LogHelper  : HHH000204: Processing PersistenceUnitInfo [name: default]
2026-05-28T11:03:06.750+05:30  INFO 6556 --- [erp-system] [           main] org.hibernate.Version                    : HHH000412: Hibernate ORM core version 6.4.4.Final
2026-05-28T11:03:06.759+05:30  INFO 6556 --- [erp-system] [           main] o.h.c.internal.RegionFactoryInitiator    : HHH000026: Second-level cache disabled
2026-05-28T11:03:06.824+05:30  INFO 6556 --- [erp-system] [           main] o.s.o.j.p.SpringPersistenceUnitInfo      : No LoadTimeWeaver setup: ignoring JPA class transformer
2026-05-28T11:03:06.834+05:30  INFO 6556 --- [erp-system] [           main] com.zaxxer.hikari.HikariDataSource       : HikariPool-1 - Starting...
2026-05-28T11:03:06.912+05:30  INFO 6556 --- [erp-system] [           main] com.zaxxer.hikari.pool.HikariPool        : HikariPool-1 - Added connection org.postgresql.jdbc.PgConnection@2b3abeeb
2026-05-28T11:03:06.912+05:30  INFO 6556 --- [erp-system] [           main] com.zaxxer.hikari.HikariDataSource       : HikariPool-1 - Start completed.
2026-05-28T11:03:06.924+05:30  WARN 6556 --- [erp-system] [           main] org.hibernate.orm.deprecation            : HHH90000025: PostgreSQLDialect does not need to be specified explicitly using 'hibernate.dialect' (remove the property setting and it will be selected by default)
2026-05-28T11:03:07.203+05:30  INFO 6556 --- [erp-system] [           main] o.h.e.t.j.p.i.JtaPlatformInitiator       : HHH000489: No JTA platform available (set 'hibernate.transaction.jta.platform' to enable JTA platform integration)
2026-05-28T11:03:07.243+05:30  INFO 6556 --- [erp-system] [           main] j.LocalContainerEntityManagerFactoryBean : Initialized JPA EntityManagerFactory for persistence unit 'default'
2026-05-28T11:03:07.417+05:30  INFO 6556 --- [erp-system] [           main] o.s.d.j.r.query.QueryEnhancerFactory     : Hibernate is in classpath; If applicable, HQL parser will be used.
WARNING: A terminally deprecated method in sun.misc.Unsafe has been called
WARNING: sun.misc.Unsafe::objectFieldOffset has been called by io.netty.util.internal.PlatformDependent0$4 (file:/Users/khushalpatil/.m2/repository/io/netty/netty-common/4.1.107.Final/netty-common-4.1.107.Final.jar)
WARNING: Please consider reporting this to the maintainers of class io.netty.util.internal.PlatformDependent0$4
WARNING: sun.misc.Unsafe::objectFieldOffset will be removed in a future release
2026-05-28T11:03:07.662+05:30  WARN 6556 --- [erp-system] [           main] JpaBaseConfiguration$JpaWebConfiguration : spring.jpa.open-in-view is enabled by default. Therefore, database queries may be performed during view rendering. Explicitly configure spring.jpa.open-in-view to disable this warning
2026-05-28T11:03:07.680+05:30  WARN 6556 --- [erp-system] [           main] .s.s.UserDetailsServiceAutoConfiguration : 

Using generated security password: 8b6c9f67-460d-4356-baa4-479e753cb7c9

This generated password is for development use only. Your security configuration must be updated before running your application in production.

2026-05-28T11:03:07.868+05:30  INFO 6556 --- [erp-system] [           main] o.s.b.a.e.web.EndpointLinksResolver      : Exposing 3 endpoint(s) beneath base path '/actuator'
2026-05-28T11:03:07.917+05:30  INFO 6556 --- [erp-system] [           main] o.s.s.web.DefaultSecurityFilterChain     : Will secure any request with [org.springframework.security.web.session.DisableEncodeUrlFilter@3b8adbda, org.springframework.security.web.context.request.async.WebAsyncManagerIntegrationFilter@7820a19d, org.springframework.security.web.context.SecurityContextHolderFilter@7c7caff1, org.springframework.security.web.header.HeaderWriterFilter@35f011cf, org.springframework.web.filter.CorsFilter@3a2173cd, org.springframework.security.web.authentication.logout.LogoutFilter@78a3a272, com.company.erp.core.security.JwtAuthenticationFilter@259195fe, org.springframework.security.web.savedrequest.RequestCacheAwareFilter@497746ea, org.springframework.security.web.servletapi.SecurityContextHolderAwareRequestFilter@c04a1ca, org.springframework.security.web.authentication.AnonymousAuthenticationFilter@27cd156a, org.springframework.security.web.session.SessionManagementFilter@76300346, org.springframework.security.web.access.ExceptionTranslationFilter@13258770, org.springframework.security.web.access.intercept.AuthorizationFilter@5989f463]
2026-05-28T11:03:08.196+05:30  INFO 6556 --- [erp-system] [           main] o.s.b.w.embedded.tomcat.TomcatWebServer  : Tomcat started on port 8080 (http) with context path ''
2026-05-28T11:03:08.209+05:30  INFO 6556 --- [erp-system] [           main] o.a.k.clients.consumer.ConsumerConfig    : ConsumerConfig values: 
	allow.auto.create.topics = true
	auto.commit.interval.ms = 5000
	auto.include.jmx.reporter = true
	auto.offset.reset = earliest
	bootstrap.servers = [localhost:9092]
	check.crcs = true
	client.dns.lookup = use_all_dns_ips
	client.id = consumer-inventory-group-1
	client.rack = 
	connections.max.idle.ms = 540000
	default.api.timeout.ms = 60000
	enable.auto.commit = false
	exclude.internal.topics = true
	fetch.max.bytes = 52428800
	fetch.max.wait.ms = 500
	fetch.min.bytes = 1
	group.id = inventory-group
	group.instance.id = null
	heartbeat.interval.ms = 3000
	interceptor.classes = []
	internal.leave.group.on.close = true
	internal.throw.on.fetch.stable.offset.unsupported = false
	isolation.level = read_uncommitted
	key.deserializer = class org.apache.kafka.common.serialization.StringDeserializer
	max.partition.fetch.bytes = 1048576
	max.poll.interval.ms = 300000
	max.poll.records = 500
	metadata.max.age.ms = 300000
	metric.reporters = []
	metrics.num.samples = 2
	metrics.recording.level = INFO
	metrics.sample.window.ms = 30000
	partition.assignment.strategy = [class org.apache.kafka.clients.consumer.RangeAssignor, class org.apache.kafka.clients.consumer.CooperativeStickyAssignor]
	receive.buffer.bytes = 65536
	reconnect.backoff.max.ms = 1000
	reconnect.backoff.ms = 50
	request.timeout.ms = 30000
	retry.backoff.ms = 100
	sasl.client.callback.handler.class = null
	sasl.jaas.config = null
	sasl.kerberos.kinit.cmd = /usr/bin/kinit
	sasl.kerberos.min.time.before.relogin = 60000
	sasl.kerberos.service.name = null
	sasl.kerberos.ticket.renew.jitter = 0.05
	sasl.kerberos.ticket.renew.window.factor = 0.8
	sasl.login.callback.handler.class = null
	sasl.login.class = null
	sasl.login.connect.timeout.ms = null
	sasl.login.read.timeout.ms = null
	sasl.login.refresh.buffer.seconds = 300
	sasl.login.refresh.min.period.seconds = 60
	sasl.login.refresh.window.factor = 0.8
	sasl.login.refresh.window.jitter = 0.05
	sasl.login.retry.backoff.max.ms = 10000
	sasl.login.retry.backoff.ms = 100
	sasl.mechanism = GSSAPI
	sasl.oauthbearer.clock.skew.seconds = 30
	sasl.oauthbearer.expected.audience = null
	sasl.oauthbearer.expected.issuer = null
	sasl.oauthbearer.jwks.endpoint.refresh.ms = 3600000
	sasl.oauthbearer.jwks.endpoint.retry.backoff.max.ms = 10000
	sasl.oauthbearer.jwks.endpoint.retry.backoff.ms = 100
	sasl.oauthbearer.jwks.endpoint.url = null
	sasl.oauthbearer.scope.claim.name = scope
	sasl.oauthbearer.sub.claim.name = sub
	sasl.oauthbearer.token.endpoint.url = null
	security.protocol = PLAINTEXT
	security.providers = null
	send.buffer.bytes = 131072
	session.timeout.ms = 45000
	socket.connection.setup.timeout.max.ms = 30000
	socket.connection.setup.timeout.ms = 10000
	ssl.cipher.suites = null
	ssl.enabled.protocols = [TLSv1.2, TLSv1.3]
	ssl.endpoint.identification.algorithm = https
	ssl.engine.factory.class = null
	ssl.key.password = null
	ssl.keymanager.algorithm = SunX509
	ssl.keystore.certificate.chain = null
	ssl.keystore.key = null
	ssl.keystore.location = null
	ssl.keystore.password = null
	ssl.keystore.type = JKS
	ssl.protocol = TLSv1.3
	ssl.provider = null
	ssl.secure.random.implementation = null
	ssl.trustmanager.algorithm = PKIX
	ssl.truststore.certificates = null
	ssl.truststore.location = null
	ssl.truststore.password = null
	ssl.truststore.type = JKS
	value.deserializer = class org.springframework.kafka.support.serializer.JsonDeserializer

2026-05-28T11:03:08.270+05:30  INFO 6556 --- [erp-system] [           main] o.a.kafka.common.utils.AppInfoParser     : Kafka version: 3.6.1
2026-05-28T11:03:08.270+05:30  INFO 6556 --- [erp-system] [           main] o.a.kafka.common.utils.AppInfoParser     : Kafka commitId: 5e3c2b738d253ff5
2026-05-28T11:03:08.270+05:30  INFO 6556 --- [erp-system] [           main] o.a.kafka.common.utils.AppInfoParser     : Kafka startTimeMs: 1779946388270
2026-05-28T11:03:08.275+05:30  INFO 6556 --- [erp-system] [           main] fkaConsumerFactory$ExtendedKafkaConsumer : [Consumer clientId=consumer-inventory-group-1, groupId=inventory-group] Subscribed to topic(s): sales-topic
2026-05-28T11:03:08.277+05:30  INFO 6556 --- [erp-system] [           main] o.a.k.clients.consumer.ConsumerConfig    : ConsumerConfig values: 
	allow.auto.create.topics = true
	auto.commit.interval.ms = 5000
	auto.include.jmx.reporter = true
	auto.offset.reset = earliest
	bootstrap.servers = [localhost:9092]
	check.crcs = true
	client.dns.lookup = use_all_dns_ips
	client.id = consumer-accounting-group-2
	client.rack = 
	connections.max.idle.ms = 540000
	default.api.timeout.ms = 60000
	enable.auto.commit = false
	exclude.internal.topics = true
	fetch.max.bytes = 52428800
	fetch.max.wait.ms = 500
	fetch.min.bytes = 1
	group.id = accounting-group
	group.instance.id = null
	heartbeat.interval.ms = 3000
	interceptor.classes = []
	internal.leave.group.on.close = true
	internal.throw.on.fetch.stable.offset.unsupported = false
	isolation.level = read_uncommitted
	key.deserializer = class org.apache.kafka.common.serialization.StringDeserializer
	max.partition.fetch.bytes = 1048576
	max.poll.interval.ms = 300000
	max.poll.records = 500
	metadata.max.age.ms = 300000
	metric.reporters = []
	metrics.num.samples = 2
	metrics.recording.level = INFO
	metrics.sample.window.ms = 30000
	partition.assignment.strategy = [class org.apache.kafka.clients.consumer.RangeAssignor, class org.apache.kafka.clients.consumer.CooperativeStickyAssignor]
	receive.buffer.bytes = 65536
	reconnect.backoff.max.ms = 1000
	reconnect.backoff.ms = 50
	request.timeout.ms = 30000
	retry.backoff.ms = 100
	sasl.client.callback.handler.class = null
	sasl.jaas.config = null
	sasl.kerberos.kinit.cmd = /usr/bin/kinit
	sasl.kerberos.min.time.before.relogin = 60000
	sasl.kerberos.service.name = null
	sasl.kerberos.ticket.renew.jitter = 0.05
	sasl.kerberos.ticket.renew.window.factor = 0.8
	sasl.login.callback.handler.class = null
	sasl.login.class = null
	sasl.login.connect.timeout.ms = null
	sasl.login.read.timeout.ms = null
	sasl.login.refresh.buffer.seconds = 300
	sasl.login.refresh.min.period.seconds = 60
	sasl.login.refresh.window.factor = 0.8
	sasl.login.refresh.window.jitter = 0.05
	sasl.login.retry.backoff.max.ms = 10000
	sasl.login.retry.backoff.ms = 100
	sasl.mechanism = GSSAPI
	sasl.oauthbearer.clock.skew.seconds = 30
	sasl.oauthbearer.expected.audience = null
	sasl.oauthbearer.expected.issuer = null
	sasl.oauthbearer.jwks.endpoint.refresh.ms = 3600000
	sasl.oauthbearer.jwks.endpoint.retry.backoff.max.ms = 10000
	sasl.oauthbearer.jwks.endpoint.retry.backoff.ms = 100
	sasl.oauthbearer.jwks.endpoint.url = null
	sasl.oauthbearer.scope.claim.name = scope
	sasl.oauthbearer.sub.claim.name = sub
	sasl.oauthbearer.token.endpoint.url = null
	security.protocol = PLAINTEXT
	security.providers = null
	send.buffer.bytes = 131072
	session.timeout.ms = 45000
	socket.connection.setup.timeout.max.ms = 30000
	socket.connection.setup.timeout.ms = 10000
	ssl.cipher.suites = null
	ssl.enabled.protocols = [TLSv1.2, TLSv1.3]
	ssl.endpoint.identification.algorithm = https
	ssl.engine.factory.class = null
	ssl.key.password = null
	ssl.keymanager.algorithm = SunX509
	ssl.keystore.certificate.chain = null
	ssl.keystore.key = null
	ssl.keystore.location = null
	ssl.keystore.password = null
	ssl.keystore.type = JKS
	ssl.protocol = TLSv1.3
	ssl.provider = null
	ssl.secure.random.implementation = null
	ssl.trustmanager.algorithm = PKIX
	ssl.truststore.certificates = null
	ssl.truststore.location = null
	ssl.truststore.password = null
	ssl.truststore.type = JKS
	value.deserializer = class org.springframework.kafka.support.serializer.JsonDeserializer

2026-05-28T11:03:08.279+05:30  INFO 6556 --- [erp-system] [           main] o.a.kafka.common.utils.AppInfoParser     : Kafka version: 3.6.1
2026-05-28T11:03:08.279+05:30  INFO 6556 --- [erp-system] [           main] o.a.kafka.common.utils.AppInfoParser     : Kafka commitId: 5e3c2b738d253ff5
2026-05-28T11:03:08.279+05:30  INFO 6556 --- [erp-system] [           main] o.a.kafka.common.utils.AppInfoParser     : Kafka startTimeMs: 1779946388279
2026-05-28T11:03:08.281+05:30  INFO 6556 --- [erp-system] [           main] fkaConsumerFactory$ExtendedKafkaConsumer : [Consumer clientId=consumer-accounting-group-2, groupId=accounting-group] Subscribed to topic(s): sales-topic
2026-05-28T11:03:08.289+05:30  INFO 6556 --- [erp-system] [           main] com.company.erp.ERPApplication           : Started ERPApplication in 2.455 seconds (process running for 2.563)
2026-05-28T11:03:08.368+05:30  INFO 6556 --- [erp-system] [ntainer#0-0-C-1] org.apache.kafka.clients.Metadata        : [Consumer clientId=consumer-inventory-group-1, groupId=inventory-group] Cluster ID: _a6lTUeJTbWt5_3a8J-JDg
2026-05-28T11:03:08.368+05:30  INFO 6556 --- [erp-system] [ntainer#1-0-C-1] org.apache.kafka.clients.Metadata        : [Consumer clientId=consumer-accounting-group-2, groupId=accounting-group] Cluster ID: _a6lTUeJTbWt5_3a8J-JDg
2026-05-28T11:03:08.368+05:30  INFO 6556 --- [erp-system] [ntainer#0-0-C-1] o.a.k.c.c.internals.ConsumerCoordinator  : [Consumer clientId=consumer-inventory-group-1, groupId=inventory-group] Discovered group coordinator localhost:9092 (id: 2147483646 rack: null)
2026-05-28T11:03:08.368+05:30  INFO 6556 --- [erp-system] [ntainer#1-0-C-1] o.a.k.c.c.internals.ConsumerCoordinator  : [Consumer clientId=consumer-accounting-group-2, groupId=accounting-group] Discovered group coordinator localhost:9092 (id: 2147483646 rack: null)
2026-05-28T11:03:08.368+05:30  INFO 6556 --- [erp-system] [ntainer#0-0-C-1] o.a.k.c.c.internals.ConsumerCoordinator  : [Consumer clientId=consumer-inventory-group-1, groupId=inventory-group] (Re-)joining group
2026-05-28T11:03:08.368+05:30  INFO 6556 --- [erp-system] [ntainer#1-0-C-1] o.a.k.c.c.internals.ConsumerCoordinator  : [Consumer clientId=consumer-accounting-group-2, groupId=accounting-group] (Re-)joining group
2026-05-28T11:03:08.376+05:30  INFO 6556 --- [erp-system] [ntainer#0-0-C-1] o.a.k.c.c.internals.ConsumerCoordinator  : [Consumer clientId=consumer-inventory-group-1, groupId=inventory-group] Request joining group due to: need to re-join with the given member-id: consumer-inventory-group-1-9d0aefa4-4a1d-4c23-a885-a1fdcb959f0a
2026-05-28T11:03:08.376+05:30  INFO 6556 --- [erp-system] [ntainer#1-0-C-1] o.a.k.c.c.internals.ConsumerCoordinator  : [Consumer clientId=consumer-accounting-group-2, groupId=accounting-group] Request joining group due to: need to re-join with the given member-id: consumer-accounting-group-2-7761c733-45a3-4e8a-9144-3c5f6a44e2f3
2026-05-28T11:03:08.376+05:30  INFO 6556 --- [erp-system] [ntainer#0-0-C-1] o.a.k.c.c.internals.ConsumerCoordinator  : [Consumer clientId=consumer-inventory-group-1, groupId=inventory-group] Request joining group due to: rebalance failed due to 'The group member needs to have a valid member id before actually entering a consumer group.' (MemberIdRequiredException)
2026-05-28T11:03:08.376+05:30  INFO 6556 --- [erp-system] [ntainer#1-0-C-1] o.a.k.c.c.internals.ConsumerCoordinator  : [Consumer clientId=consumer-accounting-group-2, groupId=accounting-group] Request joining group due to: rebalance failed due to 'The group member needs to have a valid member id before actually entering a consumer group.' (MemberIdRequiredException)
2026-05-28T11:03:08.376+05:30  INFO 6556 --- [erp-system] [ntainer#0-0-C-1] o.a.k.c.c.internals.ConsumerCoordinator  : [Consumer clientId=consumer-inventory-group-1, groupId=inventory-group] (Re-)joining group
2026-05-28T11:03:08.376+05:30  INFO 6556 --- [erp-system] [ntainer#1-0-C-1] o.a.k.c.c.internals.ConsumerCoordinator  : [Consumer clientId=consumer-accounting-group-2, groupId=accounting-group] (Re-)joining group
2026-05-28T11:03:43.598+05:30  INFO 6556 --- [erp-system] [nio-8080-exec-1] o.a.c.c.C.[Tomcat].[localhost].[/]       : Initializing Spring DispatcherServlet 'dispatcherServlet'
2026-05-28T11:03:43.599+05:30  INFO 6556 --- [erp-system] [nio-8080-exec-1] o.s.web.servlet.DispatcherServlet        : Initializing Servlet 'dispatcherServlet'
2026-05-28T11:03:43.601+05:30  INFO 6556 --- [erp-system] [nio-8080-exec-1] o.s.web.servlet.DispatcherServlet        : Completed initialization in 1 ms
Hibernate: 
    select
        count(*) 
    from
        product p1_0
Hibernate: 
    select
        count(*) 
    from
        product p1_0
2026-05-28T11:03:44.063+05:30  INFO 6556 --- [erp-system] [ntainer#0-0-C-1] o.a.k.c.c.internals.ConsumerCoordinator  : [Consumer clientId=consumer-inventory-group-1, groupId=inventory-group] Successfully joined group with generation Generation{generationId=3, memberId='consumer-inventory-group-1-9d0aefa4-4a1d-4c23-a885-a1fdcb959f0a', protocol='range'}
2026-05-28T11:03:44.067+05:30  INFO 6556 --- [erp-system] [ntainer#1-0-C-1] o.a.k.c.c.internals.ConsumerCoordinator  : [Consumer clientId=consumer-accounting-group-2, groupId=accounting-group] Successfully joined group with generation Generation{generationId=3, memberId='consumer-accounting-group-2-7761c733-45a3-4e8a-9144-3c5f6a44e2f3', protocol='range'}
2026-05-28T11:03:44.072+05:30  INFO 6556 --- [erp-system] [ntainer#0-0-C-1] o.a.k.c.c.internals.ConsumerCoordinator  : [Consumer clientId=consumer-inventory-group-1, groupId=inventory-group] Finished assignment for group at generation 3: {consumer-inventory-group-1-9d0aefa4-4a1d-4c23-a885-a1fdcb959f0a=Assignment(partitions=[sales-topic-0])}
2026-05-28T11:03:44.072+05:30  INFO 6556 --- [erp-system] [ntainer#1-0-C-1] o.a.k.c.c.internals.ConsumerCoordinator  : [Consumer clientId=consumer-accounting-group-2, groupId=accounting-group] Finished assignment for group at generation 3: {consumer-accounting-group-2-7761c733-45a3-4e8a-9144-3c5f6a44e2f3=Assignment(partitions=[sales-topic-0])}
2026-05-28T11:03:44.087+05:30  INFO 6556 --- [erp-system] [ntainer#1-0-C-1] o.a.k.c.c.internals.ConsumerCoordinator  : [Consumer clientId=consumer-accounting-group-2, groupId=accounting-group] Successfully synced group in generation Generation{generationId=3, memberId='consumer-accounting-group-2-7761c733-45a3-4e8a-9144-3c5f6a44e2f3', protocol='range'}
2026-05-28T11:03:44.087+05:30  INFO 6556 --- [erp-system] [ntainer#0-0-C-1] o.a.k.c.c.internals.ConsumerCoordinator  : [Consumer clientId=consumer-inventory-group-1, groupId=inventory-group] Successfully synced group in generation Generation{generationId=3, memberId='consumer-inventory-group-1-9d0aefa4-4a1d-4c23-a885-a1fdcb959f0a', protocol='range'}
2026-05-28T11:03:44.088+05:30  INFO 6556 --- [erp-system] [ntainer#0-0-C-1] o.a.k.c.c.internals.ConsumerCoordinator  : [Consumer clientId=consumer-inventory-group-1, groupId=inventory-group] Notifying assignor about the new Assignment(partitions=[sales-topic-0])
2026-05-28T11:03:44.088+05:30  INFO 6556 --- [erp-system] [ntainer#1-0-C-1] o.a.k.c.c.internals.ConsumerCoordinator  : [Consumer clientId=consumer-accounting-group-2, groupId=accounting-group] Notifying assignor about the new Assignment(partitions=[sales-topic-0])
2026-05-28T11:03:44.089+05:30  INFO 6556 --- [erp-system] [ntainer#1-0-C-1] o.a.k.c.c.internals.ConsumerCoordinator  : [Consumer clientId=consumer-accounting-group-2, groupId=accounting-group] Adding newly assigned partitions: sales-topic-0
2026-05-28T11:03:44.089+05:30  INFO 6556 --- [erp-system] [ntainer#0-0-C-1] o.a.k.c.c.internals.ConsumerCoordinator  : [Consumer clientId=consumer-inventory-group-1, groupId=inventory-group] Adding newly assigned partitions: sales-topic-0
2026-05-28T11:03:44.096+05:30  INFO 6556 --- [erp-system] [ntainer#0-0-C-1] o.a.k.c.c.internals.ConsumerCoordinator  : [Consumer clientId=consumer-inventory-group-1, groupId=inventory-group] Setting offset for partition sales-topic-0 to the committed offset FetchPosition{offset=3, offsetEpoch=Optional.empty, currentLeader=LeaderAndEpoch{leader=Optional[localhost:9092 (id: 1 rack: null)], epoch=0}}
2026-05-28T11:03:44.096+05:30  INFO 6556 --- [erp-system] [ntainer#1-0-C-1] o.a.k.c.c.internals.ConsumerCoordinator  : [Consumer clientId=consumer-accounting-group-2, groupId=accounting-group] Setting offset for partition sales-topic-0 to the committed offset FetchPosition{offset=3, offsetEpoch=Optional.empty, currentLeader=LeaderAndEpoch{leader=Optional[localhost:9092 (id: 1 rack: null)], epoch=0}}
2026-05-28T11:03:44.097+05:30  INFO 6556 --- [erp-system] [ntainer#0-0-C-1] o.s.k.l.KafkaMessageListenerContainer    : inventory-group: partitions assigned: [sales-topic-0]
2026-05-28T11:03:44.097+05:30  INFO 6556 --- [erp-system] [ntainer#1-0-C-1] o.s.k.l.KafkaMessageListenerContainer    : accounting-group: partitions assigned: [sales-topic-0]
Hibernate: 
    select
        count(*) 
    from
        product p1_0
Hibernate: 
    select
        count(*) 
    from
        product p1_0
Hibernate: 
    select
        count(*) 
    from
        product p1_0
Hibernate: 
    select
        count(*) 
    from
        product p1_0
Hibernate: 
    select
        count(*) 
    from
        product p1_0
Hibernate: 
    select
        count(*) 
    from
        product p1_0
Hibernate: 
    select
        count(*) 
    from
        product p1_0
Hibernate: 
    select
        count(*) 
    from
        product p1_0
Hibernate: 
    select
        count(*) 
    from
        product p1_0
Hibernate: 
    select
        count(*) 
    from
        product p1_0
Hibernate: 
    select
        count(*) 
    from
        product p1_0
Hibernate: 
    select
        count(*) 
    from
        product p1_0
Hibernate: 
    select
        count(*) 
    from
        product p1_0
Hibernate: 
    select
        count(*) 
    from
        product p1_0
Hibernate: 
    select
        count(*) 
    from
        product p1_0
Hibernate: 
    select
        count(*) 
    from
        product p1_0
Hibernate: 
    select
        p1_0.id,
        p1_0.last_updated,
        p1_0.name,
        p1_0.price,
        p1_0.stock_quantity,
        p1_0.version 
    from
        product p1_0
Hibernate: 
    select
        p1_0.id,
        p1_0.last_updated,
        p1_0.name,
        p1_0.price,
        p1_0.stock_quantity,
        p1_0.version 
    from
        product p1_0
Hibernate: 
    select
        p1_0.id,
        p1_0.last_updated,
        p1_0.name,
        p1_0.price,
        p1_0.stock_quantity,
        p1_0.version 
    from
        product p1_0
Hibernate: 
    select
        p1_0.id,
        p1_0.last_updated,
        p1_0.name,
        p1_0.price,
        p1_0.stock_quantity,
        p1_0.version 
    from
        product p1_0 
    where
        p1_0.id=?
Hibernate: 
    update
        product 
    set
        last_updated=?,
        name=?,
        price=?,
        stock_quantity=?,
        version=? 
    where
        id=? 
        and version=?
Hibernate: 
    select
        p1_0.id,
        p1_0.last_updated,
        p1_0.name,
        p1_0.price,
        p1_0.stock_quantity,
        p1_0.version 
    from
        product p1_0
Hibernate: 
    select
        count(*) 
    from
        product p1_0
Hibernate: 
    select
        count(*) 
    from
        product p1_0
Hibernate: 
    select
        count(*) 
    from
        product p1_0
2026-05-28T11:09:34.970+05:30  INFO 6556 --- [erp-system] [nio-8080-exec-3] c.company.erp.core.audit.AuditService    : AUDIT: Action=CREATE_EMPLOYEE, Details=Created employee: khushal patil, EntityId=1
2026-05-28T11:09:38.500+05:30  INFO 6556 --- [erp-system] [nio-8080-exec-5] c.company.erp.core.audit.AuditService    : AUDIT: Action=UPDATE_EMPLOYEE, Details=Updated employee: khushal patil, EntityId=1
Hibernate: 
    select
        count(*) 
    from
        product p1_0
Hibernate: 
    select
        count(*) 
    from
        product p1_0
Hibernate: 
    select
        count(*) 
    from
        product p1_0
Hibernate: 
    select
        count(*) 
    from
        product p1_0
Hibernate: 
    select
        count(*) 
    from
        product p1_0
Hibernate: 
    select
        count(*) 
    from
        product p1_0
Hibernate: 
    select
        count(*) 
    from
        product p1_0
Hibernate: 
    select
        count(*) 
    from
        product p1_0
Hibernate: 
    select
        count(*) 
    from
        product p1_0
Hibernate: 
    select
        count(*) 
    from
        product p1_0
Hibernate: 
    select
        count(*) 
    from
        product p1_0
Hibernate: 
    select
        count(*) 
    from
        product p1_0
Hibernate: 
    select
        count(*) 
    from
        product p1_0
Hibernate: 
    select
        count(*) 
    from
        product p1_0
Hibernate: 
    select
        count(*) 
    from
        product p1_0
Hibernate: 
    select
        count(*) 
    from
        product p1_0
